// Jest Snapshot v1, https://goo.gl/fbAQLP

exports[`Button render primary theme correctly 1`] = `"<button type=\\"button\\" class=\\"primary wide\\">Button</button>"`;
